---
source: systeroid-tui/tests/integration_test.rs
expression: terminal.backend()
snapshot_kind: text
---
"╭Parameters──────────────────────|all|─╮"
"│user.name                   system    ↑"
"│kernel.fictional.test_param 0         █"
"│vm.sta╭───Copy to clipboard────╮      █"
"│      │Parameter name          │      █"
"│      │Parameter value         │      █"
"│      ╰────────────────────────╯      █"
"│                                      ║"
"│                                  1/3 ↓"
"╰──────────────────────────────────────╯"
